Case P1-C2 2026-08-22T07:49:49.435Z
URL: http://localhost:3000/
Title: DocChat · Chat with Document
HTML excerpt:
<!DOCTYPE html><html lang="en" data-tanstack-devtools-theme="light"><head>
    <script type="module">import { injectIntoGlobalHook } from "/@react-refresh";
injectIntoGlobalHook(window);
window.$RefreshReg$ = () => {};
window.$RefreshSig$ = () => (type) => type;</script>

    <script type="module" src="/@vite/client"></script>

    <meta charset="UTF-8">
    <meta name="viewport" content="width=device-width, initial-scale=1.0">
    <meta name="description" content="Chat with Document — ask questions grounded in your PDFs and images.">
    <title>DocChat · Chat with Document</title>
  <style type="text/css" data-vite-dev-id="C:/Users/iqbal.shafiq/VsCodeProjects/chat-with-document/apps/platform/src/styles.css">/*! tailwindcss v4.3.3 | MIT License | https://tailwindcss.com */
@layer properties;
@layer theme, base, components, utilities;
@layer theme {
  :root, :host {
    --font-sans: "Geist Variable", "Geist", "SF Pro Display", ui-sans-serif,
    system-ui, sans-serif;
    --font-mono: "Geist Mono Variable", "Geist Mono", ui-monospace, monospace;
    --color-amber-400: oklch(82.8% 0.189 84.429);
    --color-emerald-400: oklch(76.5% 0.177 163.223);
    --color-sky-400: oklch(74.6% 0.16 232.661);
    --color-violet-400: oklch(70.2% 0.183 293.541);
    --color-rose-400: oklch(71.2% 0.194 13.428);
    --color-black: #000;
    --color-white: #fff;
    --spacing: 0.25rem;
    --container-sm: 24rem;
    --container-md: 28rem;
    --container-xl: 36rem;
    --container-2xl: 42rem;
    --container-5xl: 64rem;
    --text-xs: 0.75rem;
    --text-xs--line-height: calc(1 / 0.75);
    --text-sm: 0.875rem;
    --text-sm--line-height: calc(1.25 / 0.875);
    --text-base: 1rem;
    --text-base--line-height: calc(1.5 / 1);
    --text-lg: 1.125rem;
    --text-lg--line-height: calc(1.75 / 1.125);
    --text-2xl: 1.5rem;
    --text-2xl--line-height: calc(2 / 1.5);
    --text-3xl: 1.875rem;
    --text-3xl--line-height: calc(2.25 / 1.875);
    --font-weight-normal: 400;
    --font-weight-m
